RAM Allocation [bytes]
Variable                                                                          Address   Size
------------------------------------------------------------------------------------------------
content                                                                           0x02BA      15
syntax                                                                            0x02C9      15
type                                                                              0x02D8       4
phoneNumber                                                                       0x02DC      11
msgStr                                                                            0x02E7     100
rx_buffer                                                                         0x034B     110
tx_buffer                                                                         0x03B9       1

EEPROM Allocation [bytes]
Variable                                                                          Address   Size
------------------------------------------------------------------------------------------------
sdt1                                                                              0x0000      11
sdt2                                                                              0x000B      11
sdt3                                                                              0x0016      11
lastNumber                                                                        0x0021      11
save1                                                                             0x002C       1
save2                                                                             0x002D       1
begin                                                                             0x002E       1
tb                                                                                0x002F       1
password                                                                          0x0030       4

Register Allocation
Variable                                                                          Register  Size
------------------------------------------------------------------------------------------------
qtyNum                                                                            R5           1
flag                                                                              R4           1
checkpass                                                                         R7           1
result                                                                            R6           1
callFlag                                                                          R2.0      1bit
smsFlag                                                                           R2.1      1bit
rx_wr_index                                                                       R9           1
rx_rd_index                                                                       R8           1
rx_counter                                                                        R11          1
rx_buffer_overflow                                                                R2.2      1bit
tx_wr_index                                                                       R10          1
tx_rd_index                                                                       R13          1
tx_counter                                                                        R12          1

FLASH Allocation [words]
Function                                                                          Address   Size
------------------------------------------------------------------------------------------------
ext_int1_isr                                                                      0x001B5     27
usart_rx_isr                                                                      0x001D0     28
usart_tx_isr                                                                      0x001EC     20
putchar                                                                           0x00200     27
clearBuffer                                                                       0x0021B     37
sendSTT                                                                           0x00240     26
strHandle                                                                         0x0025A    361
checkPassword                                                                     0x003C3     34
comparePhoneNumber                                                                0x003E5     82
callHandle                                                                        0x00437     47
checkStatus                                                                       0x00466     16
smsHandle                                                                         0x00476    428
main                                                                              0x00622    116
puts                                                                              0x00696     15
put_usart_G100                                                                    0x006A5     11
_print_G100                                                                       0x006B0    185
printf                                                                            0x00769     30
sendSMS                                                                           0x00787     36
KTTK                                                                              0x007AB      7
naptien                                                                           0x007B2     28
strcmp                                                                            0x007CE     19
strpos                                                                            0x007E1     15
strrpos                                                                           0x007F0     16
