RAM Allocation [bytes]
Variable                                                                          Address   Size
------------------------------------------------------------------------------------------------
content                                                                           0x01CC       5
type                                                                              0x01D1       4
phoneNumber                                                                       0x01D5      11
phoneNumberSms                                                                    0x01E0      11
msgStr                                                                            0x01EB     100
rx_buffer                                                                         0x024F     250
tx_buffer                                                                         0x0349     150
tx_counter                                                                        0x03DF       1

EEPROM Allocation [bytes]
Variable                                                                          Address   Size
------------------------------------------------------------------------------------------------
sdt1                                                                              0x0000      11
sdt2                                                                              0x000B      11
sdt3                                                                              0x0016      11
save1                                                                             0x0021       1
save2                                                                             0x0022       1
begin                                                                             0x0023       1
password                                                                          0x0024       4

Register Allocation
Variable                                                                          Register  Size
------------------------------------------------------------------------------------------------
qtyNum                                                                            R5           1
flag                                                                              R4           1
rxStatus                                                                          R7           1
checkpass                                                                         R6           1
result                                                                            R9           1
callFlag                                                                          R2.0      1bit
smsFlag                                                                           R2.1      1bit
rx_wr_index                                                                       R8           1
rx_rd_index                                                                       R11          1
rx_counter                                                                        R10          1
rx_buffer_overflow                                                                R2.2      1bit
tx_wr_index                                                                       R13          1
tx_rd_index                                                                       R12          1

FLASH Allocation [words]
Function                                                                          Address   Size
------------------------------------------------------------------------------------------------
ext_int1_isr                                                                      0x0012F     27
usart_rx_isr                                                                      0x0014A     28
usart_tx_isr                                                                      0x00166     24
putchar                                                                           0x0017E     32
clearBuffer                                                                       0x0019E     45
strHandle                                                                         0x001CB    215
checkPassword                                                                     0x002A2     34
comparePhoneNumber                                                                0x002C4     90
callHandle                                                                        0x0031E     52
smsHandle                                                                         0x00352    435
main                                                                              0x00505    119
puts                                                                              0x0057C     15
put_usart_G100                                                                    0x0058B     11
_print_G100                                                                       0x00596    278
printf                                                                            0x006AC     30
sendSMS                                                                           0x006CA     35
KTTK                                                                              0x006ED      7
naptien                                                                           0x006F4     24
strcmp                                                                            0x0070C     19
strlen                                                                            0x0071F     11
strlenf                                                                           0x0072A     12
strpos                                                                            0x00736     15
strrpos                                                                           0x00745     16
